C:\Users\Admin\Desktop\chimmmmm\SwineBreedingManager\Controllers\AdminUsersController.cs(13,9): error CS0246: The type or namespace name 'ApplicationDbContext' could not be found (are you missing a using directive or an assembly reference?) [C:\Users\Admin\Desktop\chimmmmm\SwineBreedingManager\SwineBreedingManager.csproj]

Build FAILED.
    3 Warning(s)
    1 Error(s)

Time Elapsed 00:00:02.04
